MAP 
NAME back_office 
STATUS on 
SIZE 3100 2600 
UNITS meters 
IMAGECOLOR 255 255 255 
FONTSET"fonts/fontset.txt" 
OUTPUTFORMAT 
NAME jpg 
DRIVER "GD/JPEG" 
MIMETYPE "image/jpeg" 
IMAGEMODE RGB 
EXTENSION "jpeg" 
FORMATOPTION "INTERLACE=OFF" 
FORMATOPTION "QUALITY=75" 
END 
OUTPUTFORMAT 
NAME 'AGG' 
DRIVER AGG/jpeg 
IMAGEMODE RGB 
END 
OUTPUTFORMAT 
NAME png 
DRIVER "GD/PNG" 
MIMETYPE "image/png" 
IMAGEMODE RGB 
EXTENSION "png" 
FORMATOPTION "INTERLACE=OFF" 
FORMATOPTION "QUALITY=100" 
END 
PROJECTION 
"proj=lcc +lat_1=48.25 +lat_2=49.75 +lat_0=49 +lon_0=3 +x_0=1700000 +y_0=8200000 +ellps=GRS80 +towgs84=0,0,0,0,0,0,0 +units=m +no_defs " 
END 
WEB 
TEMPLATE capm_svg.php 
IMAGEPATH "/var/www/application//tmp/" 
IMAGEURL "/tmp/" 
LOG /home/sig/gismeaux/application/tmp/mapserver.log 
END 
#BIBLIO_SYMBOLE# 
SYMBOL 
NAME 'circle' 
TYPE ELLIPSE 
POINTS 1 1 END 
FILLED false 
END 
SYMBOL 
NAME 'agrille' 
TYPE vector 
POINTS 
#rect 
0.1 0 
0.1 0.65 
0.9 0.65 
0.9 0 
0.1 0 
-99 -99 
#cercle 
0.5 0.05 
0.4 0.075 
0.35 0.125 
0.325 0.225 
0.35 0.325 
0.4 0.375 
0.5 0.4 
0.6 0.375 
0.625 0.325 
0.675 0.225 
0.6 0.075 
0.5 0.05 
-99 -99 
#demi cercle 
0.1 0.65 
0.25 0.55 
0.5 0.5 
0.75 0.55 
0.9 0.65 
-99 -99 
#rect grille 
0.3 0.65 
0.3 1 
0.7 1 
0.7 0.65 
-99 -99 
#ligne grille 
0.325 0.725 
0.675 0.725 
-99 -99 
0.325 0.825 
0.675 0.825 
-99 -99 
0.325 0.925 
0.675 0.925 
-99 -99 
END 
FILLed false 
end 
SYMBOL 
NAME 'avaloir' 
TYPE vector 
POINTS 
0 0 
0 1 
1 1 
1 0 
0 0 
-99 -99 
0 1  
0.25 0.87 
0.5 0.80 
0.75 0.87 
1 1 
-99 -99 
0.5 0.1 
0.35 0.15 
0.28 0.25 
0.25 0.35 
0.28 0.45 
0.35 0.55 
0.5 0.6 
0.65 0.55 
0.72 0.45 
0.75 0.35 
0.72 0.25 
0.65 0.15 
0.5 0.1 
END 
FILLED false 
END 
SYMBOL 
NAME 'carre' 
TYPE vector 
POINTS 
0 0 
0 1 
1 1 
1 0 
0 0 
END 
FILLed false 
end 
SYMBOL 
NAME 'croix' 
TYPE vector 
POINTS 
0 0 
1 1 
-99 -99 
0 1 
1 0 
END 
end 
SYMBOL 
NAME 'grille' 
TYPE vector 
POINTS 
0 0 
0 1 
1 1 
1 0 
0 0 
-99 -99  
0 0.75 
1 0.75 
-99 -99 
0 0.5 
1 0.5 
-99 -99 
0 0.25 
1 0.25 
END 
end  
SYMBOL 
NAME 'regard' 
TYPE ELLIPSE 
POINTS 1 1 END 
FILLED TRUE 
END 
LAYER 
CONNECTIONTYPE postgis 
NAME "cotation" group "cotation" 
CONNECTION "user=%user% password=%password% dbname=%dbname% host=%host%" 
DATA "the_geom FROM admin_svg.temp_cotation using unique the_geom" 
STATUS on 
PROJECTION 
"proj=lcc +lat_1=48.25 +lat_2=49.75 +lat_0=49 +lon_0=3 +x_0=1700000 +y_0=8200000 +ellps=GRS80 +towgs84=0,0,0,0,0,0,0 +units=m +no_defs " 
END 
TYPE line 
FILTER "session_temp like '%sess%'" 
LABELITEM valeur 
CLASS 
EXPRESSION ('[type]' eq 'line') 
LABEL 
COLOR 255 0 0 
ANGLE auto 
TYPE truetype 
ANTIALIAS true 
FONT "arial" 
POSITION uc 
MINSIZE 10 
MAXSIZE 15 
END 
OUTLINECOLOR  0 0 255 
END 
CLASS 
EXPRESSION ('[type]' eq 'fleche') 
OUTLINECOLOR 255 0 0 
END 
END 
END